Archive member included to satisfy reference by file (symbol)

c:/users/sara/downloads/arm_stm32f401/tools/arm gcc/bin/../lib/gcc/arm-none-eabi/5.4.1/../../../../arm-none-eabi/lib/armv7-m\libg_nano.a(lib_a-errno.o)
                              ./system/src/newlib/_sbrk.o (__errno)
c:/users/sara/downloads/arm_stm32f401/tools/arm gcc/bin/../lib/gcc/arm-none-eabi/5.4.1/../../../../arm-none-eabi/lib/armv7-m\libg_nano.a(lib_a-impure.o)
                              c:/users/sara/downloads/arm_stm32f401/tools/arm gcc/bin/../lib/gcc/arm-none-eabi/5.4.1/../../../../arm-none-eabi/lib/armv7-m\libg_nano.a(lib_a-errno.o) (_impure_ptr)
c:/users/sara/downloads/arm_stm32f401/tools/arm gcc/bin/../lib/gcc/arm-none-eabi/5.4.1/../../../../arm-none-eabi/lib/armv7-m\libg_nano.a(lib_a-strlen.o)
                              ./system/src/diag/Trace.o (strlen)
c:/users/sara/downloads/arm_stm32f401/tools/arm gcc/bin/../lib/gcc/arm-none-eabi/5.4.1/../../../../arm-none-eabi/lib/armv7-m\libg_nano.a(lib_a-vsnprintf.o)
                              ./system/src/diag/Trace.o (vsnprintf)
c:/users/sara/downloads/arm_stm32f401/tools/arm gcc/bin/../lib/gcc/arm-none-eabi/5.4.1/../../../../arm-none-eabi/lib/armv7-m\libg_nano.a(lib_a-nano-svfprintf.o)
                              c:/users/sara/downloads/arm_stm32f401/tools/arm gcc/bin/../lib/gcc/arm-none-eabi/5.4.1/../../../../arm-none-eabi/lib/armv7-m\libg_nano.a(lib_a-vsnprintf.o) (_svfprintf_r)
c:/users/sara/downloads/arm_stm32f401/tools/arm gcc/bin/../lib/gcc/arm-none-eabi/5.4.1/../../../../arm-none-eabi/lib/armv7-m\libg_nano.a(lib_a-nano-vfprintf_i.o)
                              c:/users/sara/downloads/arm_stm32f401/tools/arm gcc/bin/../lib/gcc/arm-none-eabi/5.4.1/../../../../arm-none-eabi/lib/armv7-m\libg_nano.a(lib_a-nano-svfprintf.o) (_printf_i)
c:/users/sara/downloads/arm_stm32f401/tools/arm gcc/bin/../lib/gcc/arm-none-eabi/5.4.1/../../../../arm-none-eabi/lib/armv7-m\libg_nano.a(lib_a-memchr-stub.o)
                              c:/users/sara/downloads/arm_stm32f401/tools/arm gcc/bin/../lib/gcc/arm-none-eabi/5.4.1/../../../../arm-none-eabi/lib/armv7-m\libg_nano.a(lib_a-nano-svfprintf.o) (memchr)
c:/users/sara/downloads/arm_stm32f401/tools/arm gcc/bin/../lib/gcc/arm-none-eabi/5.4.1/../../../../arm-none-eabi/lib/armv7-m\libg_nano.a(lib_a-memcpy-stub.o)
                              c:/users/sara/downloads/arm_stm32f401/tools/arm gcc/bin/../lib/gcc/arm-none-eabi/5.4.1/../../../../arm-none-eabi/lib/armv7-m\libg_nano.a(lib_a-nano-svfprintf.o) (memcpy)
c:/users/sara/downloads/arm_stm32f401/tools/arm gcc/bin/../lib/gcc/arm-none-eabi/5.4.1/../../../../arm-none-eabi/lib/armv7-m\libg_nano.a(lib_a-memmove.o)
                              c:/users/sara/downloads/arm_stm32f401/tools/arm gcc/bin/../lib/gcc/arm-none-eabi/5.4.1/../../../../arm-none-eabi/lib/armv7-m\libg_nano.a(lib_a-nano-svfprintf.o) (memmove)
c:/users/sara/downloads/arm_stm32f401/tools/arm gcc/bin/../lib/gcc/arm-none-eabi/5.4.1/../../../../arm-none-eabi/lib/armv7-m\libg_nano.a(lib_a-nano-freer.o)
                              c:/users/sara/downloads/arm_stm32f401/tools/arm gcc/bin/../lib/gcc/arm-none-eabi/5.4.1/../../../../arm-none-eabi/lib/armv7-m\libg_nano.a(lib_a-nano-svfprintf.o) (_free_r)
c:/users/sara/downloads/arm_stm32f401/tools/arm gcc/bin/../lib/gcc/arm-none-eabi/5.4.1/../../../../arm-none-eabi/lib/armv7-m\libg_nano.a(lib_a-nano-mallocr.o)
                              c:/users/sara/downloads/arm_stm32f401/tools/arm gcc/bin/../lib/gcc/arm-none-eabi/5.4.1/../../../../arm-none-eabi/lib/armv7-m\libg_nano.a(lib_a-nano-svfprintf.o) (_malloc_r)
c:/users/sara/downloads/arm_stm32f401/tools/arm gcc/bin/../lib/gcc/arm-none-eabi/5.4.1/../../../../arm-none-eabi/lib/armv7-m\libg_nano.a(lib_a-nano-reallocr.o)
                              c:/users/sara/downloads/arm_stm32f401/tools/arm gcc/bin/../lib/gcc/arm-none-eabi/5.4.1/../../../../arm-none-eabi/lib/armv7-m\libg_nano.a(lib_a-nano-svfprintf.o) (_realloc_r)
c:/users/sara/downloads/arm_stm32f401/tools/arm gcc/bin/../lib/gcc/arm-none-eabi/5.4.1/../../../../arm-none-eabi/lib/armv7-m\libg_nano.a(lib_a-sbrkr.o)
                              c:/users/sara/downloads/arm_stm32f401/tools/arm gcc/bin/../lib/gcc/arm-none-eabi/5.4.1/../../../../arm-none-eabi/lib/armv7-m\libg_nano.a(lib_a-nano-mallocr.o) (_sbrk_r)
c:/users/sara/downloads/arm_stm32f401/tools/arm gcc/bin/../lib/gcc/arm-none-eabi/5.4.1/../../../../arm-none-eabi/lib/armv7-m\libg_nano.a(lib_a-mlock.o)
                              c:/users/sara/downloads/arm_stm32f401/tools/arm gcc/bin/../lib/gcc/arm-none-eabi/5.4.1/../../../../arm-none-eabi/lib/armv7-m\libg_nano.a(lib_a-nano-freer.o) (__malloc_lock)
c:/users/sara/downloads/arm_stm32f401/tools/arm gcc/bin/../lib/gcc/arm-none-eabi/5.4.1/../../../../arm-none-eabi/lib/armv7-m\libg_nano.a(lib_a-nano-msizer.o)
[...]
Memory Configuration

Name             Origin             Length             Attributes
RAM              0x20000000         0x00005000         xrw
CCMRAM           0x00000000         0x00000000         xrw
FLASH            0x08000000         0x00020000         xr
FLASHB1          0x00000000         0x00000000         xr
EXTMEMB0         0x00000000         0x00000000         xr
EXTMEMB1         0x00000000         0x00000000         xr
EXTMEMB2         0x00000000         0x00000000         xr
EXTMEMB3         0x00000000         0x00000000         xr
MEMORY_ARRAY     0x00000000         0x00000000         xrw
*default*        0x00000000         0xffffffff

Linker script and memory map

LOAD ./system/src/stm32f1-stdperiph/misc.o
LOAD ./system/src/stm32f1-stdperiph/stm32f10x_adc.o
LOAD ./system/src/stm32f1-stdperiph/stm32f10x_bkp.o
LOAD ./system/src/stm32f1-stdperiph/stm32f10x_can.o
LOAD ./system/src/stm32f1-stdperiph/stm32f10x_cec.o
LOAD ./system/src/stm32f1-stdperiph/stm32f10x_crc.o
LOAD ./system/src/stm32f1-stdperiph/stm32f10x_dac.o
LOAD ./system/src/stm32f1-stdperiph/stm32f10x_dbgmcu.o
LOAD ./system/src/stm32f1-stdperiph/stm32f10x_dma.o
LOAD ./system/src/stm32f1-stdperiph/stm32f10x_exti.o
LOAD ./system/src/stm32f1-stdperiph/stm32f10x_flash.o
LOAD ./system/src/stm32f1-stdperiph/stm32f10x_fsmc.o
LOAD ./system/src/stm32f1-stdperiph/stm32f10x_gpio.o
LOAD ./system/src/stm32f1-stdperiph/stm32f10x_i2c.o
LOAD ./system/src/stm32f1-stdperiph/stm32f10x_iwdg.o
LOAD ./system/src/stm32f1-stdperiph/stm32f10x_pwr.o
LOAD ./system/src/stm32f1-stdperiph/stm32f10x_rcc.o
LOAD ./system/src/stm32f1-stdperiph/stm32f10x_rtc.o
LOAD ./system/src/stm32f1-stdperiph/stm32f10x_sdio.o
LOAD ./system/src/stm32f1-stdperiph/stm32f10x_spi.o
LOAD ./system/src/stm32f1-stdperiph/stm32f10x_tim.o
LOAD ./system/src/stm32f1-stdperiph/stm32f10x_usart.o
LOAD ./system/src/stm32f1-stdperiph/stm32f10x_wwdg.o
LOAD ./system/src/newlib/_cxx.o
LOAD ./system/src/newlib/_exit.o
LOAD ./system/src/newlib/_sbrk.o
LOAD ./system/src/newlib/_startup.o
LOAD ./system/src/newlib/_syscalls.o
LOAD ./system/src/newlib/assert.o
LOAD ./system/src/diag/Trace.o
LOAD ./system/src/diag/trace_impl.o
LOAD ./system/src/cortexm/_initialize_hardware.o
LOAD ./system/src/cortexm/_reset_hardware.o
LOAD ./system/src/cortexm/exception_handlers.o
LOAD ./system/src/cmsis/system_stm32f10x.o
LOAD ./system/src/cmsis/vectors_stm32f10x.o
LOAD ./src/Sched.o
LOAD ./src/Systick.o
LOAD ./src/_write.o
LOAD ./src/main.o
LOAD c:/users/sara/downloads/arm_stm32f401/tools/arm gcc/bin/../lib/gcc/arm-none-eabi/5.4.1/../../../../arm-none-eabi/lib/armv7-m\libstdc++_nano.a
LOAD c:/users/sara/downloads/arm_stm32f401/tools/arm gcc/bin/../lib/gcc/arm-none-eabi/5.4.1/../../../../arm-none-eabi/lib/armv7-m\libm.a
START GROUP
LOAD c:/users/sara/downloads/arm_stm32f401/tools/arm gcc/bin/../lib/gcc/arm-none-eabi/5.4.1/armv7-m\libgcc.a
LOAD c:/users/sara/downloads/arm_stm32f401/tools/arm gcc/bin/../lib/gcc/arm-none-eabi/5.4.1/../../../../arm-none-eabi/lib/armv7-m\libg_nano.a
LOAD c:/users/sara/downloads/arm_stm32f401/tools/arm gcc/bin/../lib/gcc/arm-none-eabi/5.4.1/../../../../arm-none-eabi/lib/armv7-m\libc_nano.a
END GROUP
START GROUP
LOAD c:/users/sara/downloads/arm_stm32f401/tools/arm gcc/bin/../lib/gcc/arm-none-eabi/5.4.1/armv7-m\libgcc.a
LOAD c:/users/sara/downloads/arm_stm32f401/tools/arm gcc/bin/../lib/gcc/arm-none-eabi/5.4.1/../../../../arm-none-eabi/lib/armv7-m\libc_nano.a
END GROUP
                0x20005000                __stack = (ORIGIN (RAM) + LENGTH (RAM))
                0x20005000                _estack = __stack
                0x00000400                __Main_Stack_Size = 0x400
                [!provide]                PROVIDE (_Main_Stack_Size, __Main_Stack_Size)
                0x20004c00                __Main_Stack_Limit = (__stack - __Main_Stack_Size)
                [!provide]                PROVIDE (_Main_Stack_Limit, __Main_Stack_Limit)
                0x00000100                _Minimum_Stack_Size = 0x100
                0x20000164                PROVIDE (_Heap_Begin, _end_noinit)
                0x20004c00                PROVIDE (_Heap_Limit, (__stack - __Main_Stack_Size))

.isr_vector     0x08000000      0x354
 FILL mask 0xff
                0x08000000                __vectors_start = ABSOLUTE (.)
                0x08000000                __vectors_start__ = ABSOLUTE (.)
 *(.isr_vector)
 .isr_vector    0x08000000      0x10c ./system/src/cmsis/vectors_stm32f10x.o
                0x08000000                __isr_vectors
 *(.cfmconfig)
 *(.after_vectors .after_vectors.*)
 .after_vectors
                0x0800010c      0x114 ./system/src/newlib/_startup.o
                0x0800010c                _start
 .after_vectors
                0x08000220      0x130 ./system/src/cortexm/exception_handlers.o
                0x08000220                Reset_Handler
                0x08000228                NMI_Handler
                0x0800022c                HardFault_Handler
                0x08000240                HardFault_Handler_C
                0x080002a0                MemManage_Handler
                0x080002a4                BusFault_Handler
                0x080002b8                BusFault_Handler_C
                0x080002ec                UsageFault_Handler
                0x08000300                UsageFault_Handler_C
                0x08000334                SVC_Handler
                0x08000338                DebugMon_Handler
                0x0800033c                PendSV_Handler
 .after_vectors
                0x08000350        0x4 ./system/src/cmsis/vectors_stm32f10x.o
                0x08000350                EXTI2_IRQHandler
                0x08000350                TIM8_TRG_COM_IRQHandler
                0x08000350                TIM8_CC_IRQHandler
                0x08000350                TIM1_CC_IRQHandler
                0x08000350                TIM6_IRQHandler
                0x08000350                PVD_IRQHandler
                0x08000350                SDIO_IRQHandler
                0x08000350                CAN2_RX1_IRQHandler
                0x08000350                EXTI3_IRQHandler
                0x08000350                TIM8_TRG_COM_TIM14_IRQHandler
                0x08000350                TIM1_UP_TIM10_IRQHandler
                0x08000350                TIM8_UP_TIM13_IRQHandler
                0x08000350                EXTI0_IRQHandler
                0x08000350                I2C2_EV_IRQHandler
                0x08000350                CAN1_RX0_IRQHandler
                0x08000350                TIM1_UP_TIM16_IRQHandler
                0x08000350                CAN2_SCE_IRQHandler
                0x08000350                ADC1_2_IRQHandler
                0x08000350                SPI1_IRQHandler
                0x08000350                TAMPER_IRQHandler
                0x08000350                TIM6_DAC_IRQHandler
                0x08000350                TIM1_BRK_TIM9_IRQHandler
                0x08000350                CAN2_RX0_IRQHandler
                0x08000350                TIM8_UP_IRQHandler
                0x08000350                DMA2_Channel2_IRQHandler
                0x08000350                DMA1_Channel4_IRQHandler
                0x08000350                USART3_IRQHandler
                0x08000350                RTC_IRQHandler
                0x08000350                DMA1_Channel7_IRQHandler
                0x08000350                CAN1_RX1_IRQHandler
                0x08000350                UART5_IRQHandler
                0x08000350                ADC3_IRQHandler
                0x08000350                TIM4_IRQHandler
                0x08000350                DMA2_Channel1_IRQHandler
                0x08000350                I2C1_EV_IRQHandler
                0x08000350                DMA1_Channel6_IRQHandler
                0x08000350                UART4_IRQHandler
                0x08000350                DMA2_Channel4_IRQHandler
                0x08000350                TIM3_IRQHandler
                0x08000350                RCC_IRQHandler
                0x08000350                TIM8_BRK_TIM12_IRQHandler
                0x08000350                TIM1_TRG_COM_IRQHandler
                0x08000350                DMA1_Channel1_IRQHandler
                0x08000350                Default_Handler
                0x08000350                CEC_IRQHandler
                0x08000350                EXTI15_10_IRQHandler
                0x08000350                TIM14_IRQHandler
                0x08000350                TIM13_IRQHandler
                0x08000350                TIM12_IRQHandler
                0x08000350                TIM7_IRQHandler
                0x08000350                CAN2_TX_IRQHandler
                0x08000350                TIM5_IRQHandler
                0x08000350                EXTI9_5_IRQHandler
                0x08000350                ETH_WKUP_IRQHandler
                0x08000350                SPI2_IRQHandler
                0x08000350                CAN1_TX_IRQHandler
                0x08000350                DMA2_Channel5_IRQHandler
                0x08000350                DMA1_Channel5_IRQHandler
                0x08000350                EXTI4_IRQHandler
                0x08000350                USB_LP_CAN1_RX0_IRQHandler
                0x08000350                TIM1_TRG_COM_TIM17_IRQHandler
                0x08000350                USB_HP_CAN1_TX_IRQHandler
                0x08000350                DMA1_Channel3_IRQHandler
                0x08000350                FSMC_IRQHandler
                0x08000350                ETH_IRQHandler
                0x08000350                TIM1_UP_IRQHandler
                0x08000350                WWDG_IRQHandler
                0x08000350                TIM2_IRQHandler
                0x08000350                OTG_FS_WKUP_IRQHandler
                0x08000350                TIM1_TRG_COM_TIM11_IRQHandler
                0x08000350                TIM1_BRK_IRQHandler
                0x08000350                EXTI1_IRQHandler
                0x08000350                RTCAlarm_IRQHandler
                0x08000350                DMA2_Channel4_5_IRQHandler
                0x08000350                USART2_IRQHandler
                0x08000350                I2C2_ER_IRQHandler
                0x08000350                DMA1_Channel2_IRQHandler
                0x08000350                TIM8_BRK_IRQHandler
                0x08000350                CAN1_SCE_IRQHandler
                0x08000350                FLASH_IRQHandler
                0x08000350                USART1_IRQHandler
                0x08000350                OTG_FS_IRQHandler
                0x08000350                SPI3_IRQHandler
                0x08000350                I2C1_ER_IRQHandler
                0x08000350                USBWakeUp_IRQHandler
                0x08000350                DMA2_Channel3_IRQHandler
                0x08000350                TIM1_BRK_TIM15_IRQHandler

.inits          0x08000354       0x28
                0x08000354                __data_regions_array_start = .
                0x08000354        0x4 LONG 0x8001d68 LOADADDR (.data)
                0x08000358        0x4 LONG 0x20000000 ADDR (.data)
                0x0800035c        0x4 LONG 0x2000008c (ADDR (.data) + SIZEOF (.data))
                0x08000360        0x4 LONG 0x8001d68 LOADADDR (.data_CCMRAM)
                0x08000364        0x4 LONG 0x0 ADDR (.data_CCMRAM)
                0x08000368        0x4 LONG 0x0 (ADDR (.data_CCMRAM) + SIZEOF (.data_CCMRAM))
                0x0800036c                __data_regions_array_end = .
                0x0800036c                __bss_regions_array_start = .
                0x0800036c        0x4 LONG 0x2000008c ADDR (.bss)
                0x08000370        0x4 LONG 0x20000164 (ADDR (.bss) + SIZEOF (.bss))
                0x08000374        0x4 LONG 0x0 ADDR (.bss_CCMRAM)
                0x08000378        0x4 LONG 0x0 (ADDR (.bss_CCMRAM) + SIZEOF (.bss_CCMRAM))
                0x0800037c                __bss_regions_array_end = .
 *(.init)
 *(.fini)
                0x0800037c                . = ALIGN (0x4)
                0x0800037c                PROVIDE (__preinit_array_start, .)
 *(.preinit_array_sysinit .preinit_array_sysinit.*)
 *(.preinit_array_platform .preinit_array_platform.*)
 *(.preinit_array .preinit_array.*)
                0x0800037c                PROVIDE (__preinit_array_end, .)
                0x0800037c                . = ALIGN (0x4)
                0x0800037c                PROVIDE (__init_array_start, .)
 *(SORT(.init_array.*))
 *(.init_array)
                0x0800037c                PROVIDE (__init_array_end, .)
                0x0800037c                . = ALIGN (0x4)
                0x0800037c                PROVIDE (__fini_array_start, .)
 *(SORT(.fini_array.*))
 *(.fini_array)
                0x0800037c                PROVIDE (__fini_array_end, .)

.flashtext
 *(.flashtext .flashtext.*)

.text           0x0800037c     0x19eb
 *(.text .text.*)
 .text.CAN_Init
                0x0800037c      0x1d4 ./system/src/stm32f1-stdperiph/stm32f10x_can.o
                0x0800037c                CAN_Init
 .text.CAN_StructInit
                0x08000550       0x20 ./system/src/stm32f1-stdperiph/stm32f10x_can.o
                0x08000550                CAN_StructInit
 .text.CAN_DBGFreeze
                0x08000570       0x4c ./system/src/stm32f1-stdperiph/stm32f10x_can.o
                0x08000570                CAN_DBGFreeze
 .text.CAN_Transmit
                0x080005bc      0x14c ./system/src/stm32f1-stdperiph/stm32f10x_can.o
                0x080005bc                CAN_Transmit
 .text.CAN_TransmitStatus
                0x08000708       0xa8 ./system/src/stm32f1-stdperiph/stm32f10x_can.o
                0x08000708                CAN_TransmitStatus
 .text.GPIO_Init
                0x080007b0      0x128 ./system/src/stm32f1-stdperiph/stm32f10x_gpio.o
                0x080007b0                GPIO_Init
 .text.GPIO_PinRemapConfig
                0x080008d8      0x1d0 ./system/src/stm32f1-stdperiph/stm32f10x_gpio.o
                0x080008d8                GPIO_PinRemapConfig
 .text.RCC_APB2PeriphClockCmd
                0x08000aa8       0x4c ./system/src/stm32f1-stdperiph/stm32f10x_rcc.o
                0x08000aa8                RCC_APB2PeriphClockCmd
 .text.RCC_APB1PeriphClockCmd
                0x08000af4       0x4c ./system/src/stm32f1-stdperiph/stm32f10x_rcc.o
                0x08000af4                RCC_APB1PeriphClockCmd
 .text._exit    0x08000b40        0x4 ./system/src/newlib/_exit.o
                0x08000b40                _exit
 .text.abort    0x08000b44       0x14 ./system/src/newlib/_exit.o
                0x08000b44                abort
 .text._sbrk    0x08000b58       0x44 ./system/src/newlib/_sbrk.o
                0x08000b58                _sbrk
 .text.__initialize_args
                0x08000b9c       0x10 ./system/src/newlib/_syscalls.o
                0x08000b9c                __initialize_args
 .text.assert_failed
                0x08000bac       0x14 ./system/src/newlib/assert.o
                0x08000bac                assert_failed
 .text.trace_printf
                0x08000bc0       0x30 ./system/src/diag/Trace.o
                0x08000bc0                trace_printf
 .text.trace_puts
                0x08000bf0       0x20 ./system/src/diag/Trace.o
                0x08000bf0                trace_puts
 .text._trace_write_semihosting_debug
                0x08000c10       0x64 ./system/src/diag/trace_impl.o
 .text.trace_write
                0x08000c74        0x8 ./system/src/diag/trace_impl.o
                0x08000c74                trace_write
 .text.__initialize_hardware_early
                0x08000c7c       0x18 ./system/src/cortexm/_initialize_hardware.o
                0x08000c7c                __initialize_hardware_early
 .text.__initialize_hardware
                0x08000c94        0x8 ./system/src/cortexm/_initialize_hardware.o
                0x08000c94                __initialize_hardware
 .text.dumpExceptionStack
                0x08000c9c       0xf0 ./system/src/cortexm/exception_handlers.o
                0x08000c9c                dumpExceptionStack
 .text.isSemihosting
                0x08000d8c       0x20 ./system/src/cortexm/exception_handlers.o
                0x08000d8c                isSemihosting
 .text.SetSysClockTo72
                0x08000dac       0xc4 ./system/src/cmsis/system_stm32f10x.o
 .text.SetSysClock
                0x08000e70        0x8 ./system/src/cmsis/system_stm32f10x.o
 .text.SystemInit
                0x08000e78       0x50 ./system/src/cmsis/system_stm32f10x.o
                0x08000e78                SystemInit
 .text.SystemCoreClockUpdate
                0x08000ec8       0x94 ./system/src/cmsis/system_stm32f10x.o
                0x08000ec8                SystemCoreClockUpdate
 .text.Scheduler
                0x08000f5c       0x48 ./src/Sched.o
 .text.Sched_vidInit
                0x08000fa4       0x38 ./src/Sched.o
                0x08000fa4                Sched_vidInit
 .text.Sched_vidStart
                0x08000fdc        0xc ./src/Sched.o
                0x08000fdc                Sched_vidStart
 .text.Sched_RegisterRunnable
                0x08000fe8       0x54 ./src/Sched.o
                0x08000fe8                Sched_RegisterRunnable
 .text.Systick_Init
                0x0800103c        0xc ./src/Systick.o
                0x0800103c                Systick_Init
 .text.Systick_SetTickTime_ms
                0x08001048       0x24 ./src/Systick.o
                0x08001048                Systick_SetTickTime_ms
 .text.Systick_Start
                0x0800106c       0x10 ./src/Systick.o
                0x0800106c                Systick_Start
 .text.Systick_Register_cbf
                0x0800107c        0xc ./src/Systick.o
                0x0800107c                Systick_Register_cbf
 .text.SysTick_Handler
                0x08001088       0x10 ./src/Systick.o
                0x08001088                SysTick_Handler
 .text.Runnable_TX1
                0x08001098       0x3c ./src/main.o
                0x08001098                Runnable_TX1
 .text.Runnable_TX2
                0x080010d4       0x3c ./src/main.o
                0x080010d4                Runnable_TX2
 .text.main     0x08001110       0xf8 ./src/main.o
                0x08001110                main
 .text.__errno  0x08001208        0xc c:/users/sara/downloads/arm_stm32f401/tools/arm gcc/bin/../lib/gcc/arm-none-eabi/5.4.1/../../../../arm-none-eabi/lib/armv7-m\libg_nano.a(lib_a-errno.o)
                0x08001208                __errno
 .text          0x08001214       0x10 c:/users/sara/downloads/arm_stm32f401/tools/arm gcc/bin/../lib/gcc/arm-none-eabi/5.4.1/../../../../arm-none-eabi/lib/armv7-m\libg_nano.a(lib_a-strlen.o)
                0x08001214                strlen
 .text._vsnprintf_r
                0x08001224       0x56 c:/users/sara/downloads/arm_stm32f401/tools/arm gcc/bin/../lib/gcc/arm-none-eabi/5.4.1/../../../../arm-none-eabi/lib/armv7-m\libg_nano.a(lib_a-vsnprintf.o)
                0x08001224                _vsniprintf_r
                0x08001224                _vsnprintf_r
 *fill*         0x0800127a        0x2 
 .text.vsnprintf
                0x0800127c       0x1c c:/users/sara/downloads/arm_stm32f401/tools/arm gcc/bin/../lib/gcc/arm-none-eabi/5.4.1/../../../../arm-none-eabi/lib/armv7-m\libg_nano.a(lib_a-vsnprintf.o)
                0x0800127c                vsniprintf
                0x0800127c                vsnprintf
 .text.__ssputs_r
                0x08001298       0xb2 c:/users/sara/downloads/arm_stm32f401/tools/arm gcc/bin/../lib/gcc/arm-none-eabi/5.4.1/../../../../arm-none-eabi/lib/armv7-m\libg_nano.a(lib_a-nano-svfprintf.o)
                0x08001298                __ssputs_r
 *fill*         0x0800134a        0x2 
 .text._svfprintf_r
                0x0800134c      0x1e8 c:/users/sara/downloads/arm_stm32f401/tools/arm gcc/bin/../lib/gcc/arm-none-eabi/5.4.1/../../../../arm-none-eabi/lib/armv7-m\libg_nano.a(lib_a-nano-svfprintf.o)
                0x0800134c                _svfiprintf_r
                0x0800134c                _svfprintf_r
 .text._printf_common
                0x08001534       0xec c:/users/sara/downloads/arm_stm32f401/tools/arm gcc/bin/../lib/gcc/arm-none-eabi/5.4.1/../../../../arm-none-eabi/lib/armv7-m\libg_nano.a(lib_a-nano-vfprintf_i.o)
                0x08001534                _printf_common
 .text._printf_i
                0x08001620      0x24c c:/users/sara/downloads/arm_stm32f401/tools/arm gcc/bin/../lib/gcc/arm-none-eabi/5.4.1/../../../../arm-none-eabi/lib/armv7-m\libg_nano.a(lib_a-nano-vfprintf_i.o)
                0x08001620                _printf_i
 .text.memchr   0x0800186c       0x1c c:/users/sara/downloads/arm_stm32f401/tools/arm gcc/bin/../lib/gcc/arm-none-eabi/5.4.1/../../../../arm-none-eabi/lib/armv7-m\libg_nano.a(lib_a-memchr-stub.o)
                0x0800186c                memchr
 .text.memcpy   0x08001888       0x16 c:/users/sara/downloads/arm_stm32f401/tools/arm gcc/bin/../lib/gcc/arm-none-eabi/5.4.1/../../../../arm-none-eabi/lib/armv7-m\libg_nano.a(lib_a-memcpy-stub.o)
                0x08001888                memcpy
 .text.memmove  0x0800189e       0x36 c:/users/sara/downloads/arm_stm32f401/tools/arm gcc/bin/../lib/gcc/arm-none-eabi/5.4.1/../../../../arm-none-eabi/lib/armv7-m\libg_nano.a(lib_a-memmove.o)
                0x0800189e                memmove
 .text._free_r  0x080018d4       0x98 c:/users/sara/downloads/arm_stm32f401/tools/arm gcc/bin/../lib/gcc/arm-none-eabi/5.4.1/../../../../arm-none-eabi/lib/armv7-m\libg_nano.a(lib_a-nano-freer.o)
                0x080018d4                _free_r
 .text._malloc_r
                0x0800196c       0xbc c:/users/sara/downloads/arm_stm32f401/tools/arm gcc/bin/../lib/gcc/arm-none-eabi/5.4.1/../../../../arm-none-eabi/lib/armv7-m\libg_nano.a(lib_a-nano-mallocr.o)
                0x0800196c                _malloc_r
 .text._realloc_r
                0x08001a28       0x4c c:/users/sara/downloads/arm_stm32f401/tools/arm gcc/bin/../lib/gcc/arm-none-eabi/5.4.1/../../../../arm-none-eabi/lib/armv7-m\libg_nano.a(lib_a-nano-reallocr.o)
                0x08001a28                _realloc_r
 .text._sbrk_r  0x08001a74       0x20 c:/users/sara/downloads/arm_stm32f401/tools/arm gcc/bin/../lib/gcc/arm-none-eabi/5.4.1/../../../../arm-none-eabi/lib/armv7-m\libg_nano.a(lib_a-sbrkr.o)
                0x08001a74                _sbrk_r
 .text.__malloc_lock
                0x08001a94        0x2 c:/users/sara/downloads/arm_stm32f401/tools/arm gcc/bin/../lib/gcc/arm-none-eabi/5.4.1/../../../../arm-none-eabi/lib/armv7-m\libg_nano.a(lib_a-mlock.o)
                0x08001a94                __malloc_lock
 .text.__malloc_unlock
                0x08001a96        0x2 c:/users/sara/downloads/arm_stm32f401/tools/arm gcc/bin/../lib/gcc/arm-none-eabi/5.4.1/../../../../arm-none-eabi/lib/armv7-m\libg_nano.a(lib_a-mlock.o)
                0x08001a96                __malloc_unlock
 .text._malloc_usable_size_r
                0x08001a98       0x14 c:/users/sara/downloads/arm_stm32f401/tools/arm gcc/bin/../lib/gcc/arm-none-eabi/5.4.1/../../../../arm-none-eabi/lib/armv7-m\libg_nano.a(lib_a-nano-msizer.o)
                0x08001a98                _malloc_usable_size_r
 *(.rodata .rodata.* .constdata .constdata.*)
 .rodata.str1.4
                0x08001aac       0x30 ./system/src/stm32f1-stdperiph/stm32f10x_can.o
 .rodata.str1.4
                0x08001adc       0x31 ./system/src/stm32f1-stdperiph/stm32f10x_gpio.o
 *fill*         0x08001b0d        0x3 
 .rodata.str1.4
                0x08001b10       0x30 ./system/src/stm32f1-stdperiph/stm32f10x_rcc.o
 .rodata.str1.4
                0x08001b40       0x14 ./system/src/newlib/_exit.o
 .rodata.str1.4
                0x08001b54       0x6b ./system/src/newlib/assert.o
                                 0x6f (size before relaxing)
 *fill*         0x08001bbf        0x1 
 .rodata.str1.4
                0x08001bc0       0x29 ./system/src/diag/Trace.o
                                 0x2d (size before relaxing)
 *fill*         0x08001be9        0x3 
 .rodata.str1.4
                0x08001bec      0x148 ./system/src/cortexm/exception_handlers.o
                                0x146 (size before relaxing)
 .rodata.str1.1
                0x08001d34       0x11 c:/users/sara/downloads/arm_stm32f401/tools/arm gcc/bin/../lib/gcc/arm-none-eabi/5.4.1/../../../../arm-none-eabi/lib/armv7-m\libg_nano.a(lib_a-nano-svfprintf.o)
 .rodata.str1.1
                0x08001d45       0x22 c:/users/sara/downloads/arm_stm32f401/tools/arm gcc/bin/../lib/gcc/arm-none-eabi/5.4.1/../../../../arm-none-eabi/lib/armv7-m\libg_nano.a(lib_a-nano-vfprintf_i.o)
 *(vtable)
 *(.eh_frame*)
 *(.glue_7)
 .glue_7        0x08001d67        0x0 linker stubs
 *(.glue_7t)
 .glue_7t       0x08001d67        0x0 linker stubs

.vfp11_veneer   0x08001d68        0x0
 .vfp11_veneer  0x08001d68        0x0 linker stubs

.v4_bx          0x08001d68        0x0
 .v4_bx         0x08001d68        0x0 linker stubs

.iplt           0x08001d68        0x0
 .iplt          0x08001d68        0x0 ./system/src/stm32f1-stdperiph/misc.o

.rel.dyn        0x08001d68        0x0
 .rel.iplt      0x08001d68        0x0 ./system/src/stm32f1-stdperiph/misc.o

.ARM.extab
 *(.ARM.extab* .gnu.linkonce.armextab.*)
                0x08001d68                . = ALIGN (0x4)
                0x08001d68                __exidx_start = .

.ARM.exidx
 *(.ARM.exidx* .gnu.linkonce.armexidx.*)
                0x08001d68                __exidx_end = .
                0x08001d68                . = ALIGN (0x4)
                0x08001d68                _etext = .
                0x08001d68                __etext = .

.data_CCMRAM    0x00000000        0x0 load address 0x08001d68
 FILL mask 0xff
 *(.data.CCMRAM .data.CCMRAM.*)
                0x00000000                . = ALIGN (0x4)
                0x08001d68                _sidata = LOADADDR (.data)

.data           0x20000000       0x8c load address 0x08001d68
 FILL mask 0xff
                0x20000000                _sdata = .
                0x20000000                __data_start__ = .
 *(.data_begin .data_begin.*)
 .data_begin    0x20000000        0x4 ./system/src/newlib/_startup.o
 *(.data .data.*)
 .data.argv.4290
                0x20000004        0x8 ./system/src/newlib/_syscalls.o
 .data.AHBPrescTable
                0x2000000c       0x10 ./system/src/cmsis/system_stm32f10x.o
                0x2000000c                AHBPrescTable
 .data.SystemCoreClock
                0x2000001c        0x4 ./system/src/cmsis/system_stm32f10x.o
                0x2000001c                SystemCoreClock
 .data.TimeMs.3737
                0x20000020        0x4 ./src/Sched.o
 .data.impure_data
                0x20000024       0x60 c:/users/sara/downloads/arm_stm32f401/tools/arm gcc/bin/../lib/gcc/arm-none-eabi/5.4.1/../../../../arm-none-eabi/lib/armv7-m\libg_nano.a(lib_a-impure.o)
 .data._impure_ptr
                0x20000084        0x4 c:/users/sara/downloads/arm_stm32f401/tools/arm gcc/bin/../lib/gcc/arm-none-eabi/5.4.1/../../../../arm-none-eabi/lib/armv7-m\libg_nano.a(lib_a-impure.o)
                0x20000084                _impure_ptr
 *(.data_end .data_end.*)
 .data_end      0x20000088        0x4 ./system/src/newlib/_startup.o
                0x2000008c                . = ALIGN (0x4)
                0x2000008c                _edata = .
                0x2000008c                __data_end__ = .

.igot.plt       0x2000008c        0x0 load address 0x08001df4
 .igot.plt      0x2000008c        0x0 ./system/src/stm32f1-stdperiph/misc.o

.bss_CCMRAM     0x00000000        0x0
 *(.bss.CCMRAM .bss.CCMRAM.*)

.bss            0x2000008c       0xd8
                0x2000008c                __bss_start__ = .
                0x2000008c                _sbss = .
 *(.bss_begin .bss_begin.*)
 .bss_begin     0x2000008c        0x4 ./system/src/newlib/_startup.o
 *(.bss .bss.*)
 .bss.current_heap_end.3974
                0x20000090        0x4 ./system/src/newlib/_sbrk.o
 .bss.name.4289
                0x20000094        0x1 ./system/src/newlib/_syscalls.o
 *fill*         0x20000095        0x3 
 .bss.buf.5179  0x20000098       0x80 ./system/src/diag/Trace.o
 .bss.Appfunc   0x20000118        0x4 ./src/Systick.o
 .bss.__malloc_sbrk_start
                0x2000011c        0x4 c:/users/sara/downloads/arm_stm32f401/tools/arm gcc/bin/../lib/gcc/arm-none-eabi/5.4.1/../../../../arm-none-eabi/lib/armv7-m\libg_nano.a(lib_a-nano-mallocr.o)
                0x2000011c                __malloc_sbrk_start
 .bss.__malloc_free_list
                0x20000120        0x4 c:/users/sara/downloads/arm_stm32f401/tools/arm gcc/bin/../lib/gcc/arm-none-eabi/5.4.1/../../../../arm-none-eabi/lib/armv7-m\libg_nano.a(lib_a-nano-mallocr.o)
                0x20000120                __malloc_free_list
 *(COMMON)
 COMMON         0x20000124        0x4 ./system/src/newlib/_syscalls.o
                0x20000124                errno
 COMMON         0x20000128       0x10 ./src/Sched.o
                0x20000128                SchedTasks
 COMMON         0x20000138       0x28 ./src/main.o
                0x20000138                CAN_TestMessageTwo
                0x2000014c                CAN_TestMessage
 *(.bss_end .bss_end.*)
 .bss_end       0x20000160        0x4 ./system/src/newlib/_startup.o
                0x20000164                . = ALIGN (0x4)
                0x20000164                __bss_end__ = .
                0x20000164                _ebss = .

.noinit_CCMRAM
 *(.noinit.CCMRAM .noinit.CCMRAM.*)

.noinit         0x20000164        0x0
                0x20000164                _noinit = .
 *(.noinit .noinit.*)
                0x20000164                . = ALIGN (0x4)
                0x20000164                _end_noinit = .
                [!provide]                PROVIDE (end, _end_noinit)
                [!provide]                PROVIDE (_end, _end_noinit)
                [!provide]                PROVIDE (__end, _end_noinit)
                [!provide]                PROVIDE (__end__, _end_noinit)

._check_stack   0x20000164      0x100
                0x20000264                . = (. + _Minimum_Stack_Size)
 *fill*         0x20000164      0x100 

.b1text
 *(.b1text)
 *(.b1rodata)
 *(.b1rodata.*)

.eb0text
 *(.eb0text)
 *(.eb0rodata)
 *(.eb0rodata.*)

.eb1text
 *(.eb1text)
 *(.eb1rodata)
 *(.eb1rodata.*)

.eb2text
 *(.eb2text)
 *(.eb2rodata)
 *(.eb2rodata.*)

.eb3text
 *(.eb3text)
 *(.eb3rodata)
 *(.eb3rodata.*)

.stab
 *(.stab)

.stabstr
 *(.stabstr)

.stab.excl
 *(.stab.excl)

.stab.exclstr
 *(.stab.exclstr)

.stab.index
 *(.stab.index)

.stab.indexstr
 *(.stab.indexstr)

.comment        0x00000000       0x6e
 *(.comment)
 .comment       0x00000000       0x6e ./system/src/stm32f1-stdperiph/stm32f10x_can.o
                                 0x6f (size before relaxing)
 .comment       0x0000006e       0x6f ./system/src/stm32f1-stdperiph/stm32f10x_gpio.o
 .comment       0x0000006e       0x6f ./system/src/stm32f1-stdperiph/stm32f10x_rcc.o
 .comment       0x0000006e       0x6f ./system/src/newlib/_exit.o
 .comment       0x0000006e       0x6f ./system/src/newlib/_sbrk.o
 .comment       0x0000006e       0x6f ./system/src/newlib/_startup.o
 .comment       0x0000006e       0x6f ./system/src/newlib/_syscalls.o
 .comment       0x0000006e       0x6f ./system/src/newlib/assert.o
 .comment       0x0000006e       0x6f ./system/src/diag/Trace.o
 .comment       0x0000006e       0x6f ./system/src/diag/trace_impl.o
 .comment       0x0000006e       0x6f ./system/src/cortexm/_initialize_hardware.o
 .comment       0x0000006e       0x6f ./system/src/cortexm/exception_handlers.o
 .comment       0x0000006e       0x6f ./system/src/cmsis/system_stm32f10x.o
 .comment       0x0000006e       0x6f ./system/src/cmsis/vectors_stm32f10x.o
 .comment       0x0000006e       0x6f ./src/Sched.o
 .comment       0x0000006e       0x6f ./src/Systick.o
 .comment       0x0000006e       0x6f ./src/main.o

.ARM.attributes
                0x00000000       0x31
 .ARM.attributes
                0x00000000       0x33 ./system/src/stm32f1-stdperiph/stm32f10x_can.o
 .ARM.attributes
                0x00000033       0x33 ./system/src/stm32f1-stdperiph/stm32f10x_gpio.o
 .ARM.attributes
                0x00000066       0x33 ./system/src/stm32f1-stdperiph/stm32f10x_rcc.o
 .ARM.attributes
                0x00000099       0x33 ./system/src/newlib/_exit.o
 .ARM.attributes
                0x000000cc       0x33 ./system/src/newlib/_sbrk.o
 .ARM.attributes
                0x000000ff       0x33 ./system/src/newlib/_startup.o
 .ARM.attributes
                0x00000132       0x33 ./system/src/newlib/_syscalls.o
 .ARM.attributes
                0x00000165       0x33 ./system/src/newlib/assert.o
 .ARM.attributes
                0x00000198       0x33 ./system/src/diag/Trace.o
 .ARM.attributes
                0x000001cb       0x33 ./system/src/diag/trace_impl.o
 .ARM.attributes
                0x000001fe       0x33 ./system/src/cortexm/_initialize_hardware.o
 .ARM.attributes
                0x00000231       0x33 ./system/src/cortexm/exception_handlers.o
 .ARM.attributes
                0x00000264       0x33 ./system/src/cmsis/system_stm32f10x.o
 .ARM.attributes
                0x00000297       0x33 ./system/src/cmsis/vectors_stm32f10x.o
 .ARM.attributes
                0x000002ca       0x33 ./src/Sched.o
 .ARM.attributes
                0x000002fd       0x33 ./src/Systick.o
 .ARM.attributes
                0x00000330       0x33 ./src/main.o
 .ARM.attributes
                0x00000363       0x2d c:/users/sara/downloads/arm_stm32f401/tools/arm gcc/bin/../lib/gcc/arm-none-eabi/5.4.1/../../../../arm-none-eabi/lib/armv7-m\libg_nano.a(lib_a-errno.o)
 .ARM.attributes
                0x00000390       0x2d c:/users/sara/downloads/arm_stm32f401/tools/arm gcc/bin/../lib/gcc/arm-none-eabi/5.4.1/../../../../arm-none-eabi/lib/armv7-m\libg_nano.a(lib_a-impure.o)
 .ARM.attributes
                0x000003bd       0x17 c:/users/sara/downloads/arm_stm32f401/tools/arm gcc/bin/../lib/gcc/arm-none-eabi/5.4.1/../../../../arm-none-eabi/lib/armv7-m\libg_nano.a(lib_a-strlen.o)
 .ARM.attributes
                0x000003d4       0x2d c:/users/sara/downloads/arm_stm32f401/tools/arm gcc/bin/../lib/gcc/arm-none-eabi/5.4.1/../../../../arm-none-eabi/lib/armv7-m\libg_nano.a(lib_a-vsnprintf.o)
 .ARM.attributes
                0x00000401       0x2d c:/users/sara/downloads/arm_stm32f401/tools/arm gcc/bin/../lib/gcc/arm-none-eabi/5.4.1/../../../../arm-none-eabi/lib/armv7-m\libg_nano.a(lib_a-nano-svfprintf.o)
 .ARM.attributes
                0x0000042e       0x2d c:/users/sara/downloads/arm_stm32f401/tools/arm gcc/bin/../lib/gcc/arm-none-eabi/5.4.1/../../../../arm-none-eabi/lib/armv7-m\libg_nano.a(lib_a-nano-vfprintf_i.o)
 .ARM.attributes
                0x0000045b       0x2d c:/users/sara/downloads/arm_stm32f401/tools/arm gcc/bin/../lib/gcc/arm-none-eabi/5.4.1/../../../../arm-none-eabi/lib/armv7-m\libg_nano.a(lib_a-memchr-stub.o)
 .ARM.attributes
                0x00000488       0x2d c:/users/sara/downloads/arm_stm32f401/tools/arm gcc/bin/../lib/gcc/arm-none-eabi/5.4.1/../../../../arm-none-eabi/lib/armv7-m\libg_nano.a(lib_a-memcpy-stub.o)
 .ARM.attributes
                0x000004b5       0x2d c:/users/sara/downloads/arm_stm32f401/tools/arm gcc/bin/../lib/gcc/arm-none-eabi/5.4.1/../../../../arm-none-eabi/lib/armv7-m\libg_nano.a(lib_a-memmove.o)
 .ARM.attributes
                0x000004e2       0x2d c:/users/sara/downloads/arm_stm32f401/tools/arm gcc/bin/../lib/gcc/arm-none-eabi/5.4.1/../../../../arm-none-eabi/lib/armv7-m\libg_nano.a(lib_a-nano-freer.o)
 .ARM.attributes
                0x0000050f       0x2d c:/users/sara/downloads/arm_stm32f401/tools/arm gcc/bin/../lib/gcc/arm-none-eabi/5.4.1/../../../../arm-none-eabi/lib/armv7-m\libg_nano.a(lib_a-nano-mallocr.o)
 .ARM.attributes
                0x0000053c       0x2d c:/users/sara/downloads/arm_stm32f401/tools/arm gcc/bin/../lib/gcc/arm-none-eabi/5.4.1/../../../../arm-none-eabi/lib/armv7-m\libg_nano.a(lib_a-nano-reallocr.o)
 .ARM.attributes
                0x00000569       0x2d c:/users/sara/downloads/arm_stm32f401/tools/arm gcc/bin/../lib/gcc/arm-none-eabi/5.4.1/../../../../arm-none-eabi/lib/armv7-m\libg_nano.a(lib_a-sbrkr.o)
 .ARM.attributes
                0x00000596       0x2d c:/users/sara/downloads/arm_stm32f401/tools/arm gcc/bin/../lib/gcc/arm-none-eabi/5.4.1/../../../../arm-none-eabi/lib/armv7-m\libg_nano.a(lib_a-mlock.o)
 .ARM.attributes
                0x000005c3       0x2d c:/users/sara/downloads/arm_stm32f401/tools/arm gcc/bin/../lib/gcc/arm-none-eabi/5.4.1/../../../../arm-none-eabi/lib/armv7-m\libg_nano.a(lib_a-nano-msizer.o)

.debug
 *(.debug)

.line
 *(.line)

.debug_srcinfo
 *(.debug_srcinfo)

.debug_sfnames
 *(.debug_sfnames)

.debug_aranges  0x00000000      0x5a0
 *(.debug_aranges)
 .debug_aranges
                0x00000000       0xe0 ./system/src/stm32f1-stdperiph/stm32f10x_can.o
 .debug_aranges
                0x000000e0       0xa8 ./system/src/stm32f1-stdperiph/stm32f10x_gpio.o
 .debug_aranges
                0x00000188      0x118 ./system/src/stm32f1-stdperiph/stm32f10x_rcc.o
 .debug_aranges
                0x000002a0       0x28 ./system/src/newlib/_exit.o
 .debug_aranges
                0x000002c8       0x20 ./system/src/newlib/_sbrk.o
 .debug_aranges
                0x000002e8       0x40 ./system/src/newlib/_startup.o
 .debug_aranges
                0x00000328       0x30 ./system/src/newlib/_syscalls.o
 .debug_aranges
                0x00000358       0x28 ./system/src/newlib/assert.o
 .debug_aranges
                0x00000380       0x38 ./system/src/diag/Trace.o
 .debug_aranges
                0x000003b8       0x30 ./system/src/diag/trace_impl.o
 .debug_aranges
                0x000003e8       0x28 ./system/src/cortexm/_initialize_hardware.o
 .debug_aranges
                0x00000410       0x90 ./system/src/cortexm/exception_handlers.o
 .debug_aranges
                0x000004a0       0x38 ./system/src/cmsis/system_stm32f10x.o
 .debug_aranges
                0x000004d8       0x20 ./system/src/cmsis/vectors_stm32f10x.o
 .debug_aranges
                0x000004f8       0x38 ./src/Sched.o
 .debug_aranges
                0x00000530       0x40 ./src/Systick.o
 .debug_aranges
                0x00000570       0x30 ./src/main.o

.debug_pubnames
 *(.debug_pubnames)

.debug_info     0x00000000     0x5957
 *(.debug_info .gnu.linkonce.wi.*)
 .debug_info    0x00000000     0x138c ./system/src/stm32f1-stdperiph/stm32f10x_can.o
 .debug_info    0x0000138c      0xbcb ./system/src/stm32f1-stdperiph/stm32f10x_gpio.o
 .debug_info    0x00001f57      0xc70 ./system/src/stm32f1-stdperiph/stm32f10x_rcc.o
 .debug_info    0x00002bc7       0xef ./system/src/newlib/_exit.o
 .debug_info    0x00002cb6      0x11f ./system/src/newlib/_sbrk.o
 .debug_info    0x00002dd5      0x455 ./system/src/newlib/_startup.o
 .debug_info    0x0000322a      0x1c7 ./system/src/newlib/_syscalls.o
 .debug_info    0x000033f1      0x1a3 ./system/src/newlib/assert.o
 .debug_info    0x00003594      0x2e7 ./system/src/diag/Trace.o
 .debug_info    0x0000387b      0x30b ./system/src/diag/trace_impl.o
 .debug_info    0x00003b86      0x2b1 ./system/src/cortexm/_initialize_hardware.o
 .debug_info    0x00003e37      0x8da ./system/src/cortexm/exception_handlers.o
 .debug_info    0x00004711      0x497 ./system/src/cmsis/system_stm32f10x.o
 .debug_info    0x00004ba8       0xd1 ./system/src/cmsis/vectors_stm32f10x.o
 .debug_info    0x00004c79      0x234 ./src/Sched.o
 .debug_info    0x00004ead      0x166 ./src/Systick.o
 .debug_info    0x00005013      0x944 ./src/main.o

.debug_abbrev   0x00000000     0x179f
 *(.debug_abbrev)
 .debug_abbrev  0x00000000      0x233 ./system/src/stm32f1-stdperiph/stm32f10x_can.o
 .debug_abbrev  0x00000233      0x1f4 ./system/src/stm32f1-stdperiph/stm32f10x_gpio.o
 .debug_abbrev  0x00000427      0x1f8 ./system/src/stm32f1-stdperiph/stm32f10x_rcc.o
 .debug_abbrev  0x0000061f       0x8e ./system/src/newlib/_exit.o
 .debug_abbrev  0x000006ad       0xb9 ./system/src/newlib/_sbrk.o
 .debug_abbrev  0x00000766      0x1ac ./system/src/newlib/_startup.o
 .debug_abbrev  0x00000912       0xec ./system/src/newlib/_syscalls.o
 .debug_abbrev  0x000009fe       0xab ./system/src/newlib/assert.o
 .debug_abbrev  0x00000aa9      0x156 ./system/src/diag/Trace.o
 .debug_abbrev  0x00000bff      0x1c8 ./system/src/diag/trace_impl.o
 .debug_abbrev  0x00000dc7       0xea ./system/src/cortexm/_initialize_hardware.o
 .debug_abbrev  0x00000eb1      0x247 ./system/src/cortexm/exception_handlers.o
 .debug_abbrev  0x000010f8      0x159 ./system/src/cmsis/system_stm32f10x.o
 .debug_abbrev  0x00001251       0x9d ./system/src/cmsis/vectors_stm32f10x.o
 .debug_abbrev  0x000012ee      0x195 ./src/Sched.o
 .debug_abbrev  0x00001483      0x11e ./src/Systick.o
 .debug_abbrev  0x000015a1      0x1fe ./src/main.o

.debug_line     0x00000000     0x4c88
 *(.debug_line)
 .debug_line    0x00000000      0x9fa ./system/src/stm32f1-stdperiph/stm32f10x_can.o
 .debug_line    0x000009fa      0x8e7 ./system/src/stm32f1-stdperiph/stm32f10x_gpio.o
 .debug_line    0x000012e1      0x831 ./system/src/stm32f1-stdperiph/stm32f10x_rcc.o
 .debug_line    0x00001b12      0x329 ./system/src/newlib/_exit.o
 .debug_line    0x00001e3b      0x2da ./system/src/newlib/_sbrk.o
 .debug_line    0x00002115      0x390 ./system/src/newlib/_startup.o
 .debug_line    0x000024a5      0x3f0 ./system/src/newlib/_syscalls.o
 .debug_line    0x00002895      0x364 ./system/src/newlib/assert.o
 .debug_line    0x00002bf9      0x397 ./system/src/diag/Trace.o
 .debug_line    0x00002f90      0x60f ./system/src/diag/trace_impl.o
 .debug_line    0x0000359f      0x36e ./system/src/cortexm/_initialize_hardware.o
 .debug_line    0x0000390d      0x6b8 ./system/src/cortexm/exception_handlers.o
 .debug_line    0x00003fc5      0x3ce ./system/src/cmsis/system_stm32f10x.o
 .debug_line    0x00004393       0xfe ./system/src/cmsis/vectors_stm32f10x.o
 .debug_line    0x00004491      0x102 ./src/Sched.o
 .debug_line    0x00004593       0xc5 ./src/Systick.o
 .debug_line    0x00004658      0x630 ./src/main.o

.debug_frame    0x00000000     0x1050
 *(.debug_frame)
 .debug_frame   0x00000000      0x29c ./system/src/stm32f1-stdperiph/stm32f10x_can.o
 .debug_frame   0x0000029c      0x1e8 ./system/src/stm32f1-stdperiph/stm32f10x_gpio.o
 .debug_frame   0x00000484      0x31c ./system/src/stm32f1-stdperiph/stm32f10x_rcc.o
 .debug_frame   0x000007a0       0x38 ./system/src/newlib/_exit.o
 .debug_frame   0x000007d8       0x28 ./system/src/newlib/_sbrk.o
 .debug_frame   0x00000800       0x7c ./system/src/newlib/_startup.o
 .debug_frame   0x0000087c       0x50 ./system/src/newlib/_syscalls.o
 .debug_frame   0x000008cc       0x40 ./system/src/newlib/assert.o
 .debug_frame   0x0000090c       0x94 ./system/src/diag/Trace.o
 .debug_frame   0x000009a0       0x60 ./system/src/diag/trace_impl.o
 .debug_frame   0x00000a00       0x40 ./system/src/cortexm/_initialize_hardware.o
 .debug_frame   0x00000a40      0x158 ./system/src/cortexm/exception_handlers.o
 .debug_frame   0x00000b98       0x68 ./system/src/cmsis/system_stm32f10x.o
 .debug_frame   0x00000c00       0x20 ./system/src/cmsis/vectors_stm32f10x.o
 .debug_frame   0x00000c20       0x80 ./src/Sched.o
 .debug_frame   0x00000ca0       0x68 ./src/Systick.o
 .debug_frame   0x00000d08       0x5c ./src/main.o
 .debug_frame   0x00000d64       0x20 c:/users/sara/downloads/arm_stm32f401/tools/arm gcc/bin/../lib/gcc/arm-none-eabi/5.4.1/../../../../arm-none-eabi/lib/armv7-m\libg_nano.a(lib_a-errno.o)
 .debug_frame   0x00000d84       0x48 c:/users/sara/downloads/arm_stm32f401/tools/arm gcc/bin/../lib/gcc/arm-none-eabi/5.4.1/../../../../arm-none-eabi/lib/armv7-m\libg_nano.a(lib_a-vsnprintf.o)
 .debug_frame   0x00000dcc       0x90 c:/users/sara/downloads/arm_stm32f401/tools/arm gcc/bin/../lib/gcc/arm-none-eabi/5.4.1/../../../../arm-none-eabi/lib/armv7-m\libg_nano.a(lib_a-nano-svfprintf.o)
 .debug_frame   0x00000e5c       0x60 c:/users/sara/downloads/arm_stm32f401/tools/arm gcc/bin/../lib/gcc/arm-none-eabi/5.4.1/../../../../arm-none-eabi/lib/armv7-m\libg_nano.a(lib_a-nano-vfprintf_i.o)
 .debug_frame   0x00000ebc       0x28 c:/users/sara/downloads/arm_stm32f401/tools/arm gcc/bin/../lib/gcc/arm-none-eabi/5.4.1/../../../../arm-none-eabi/lib/armv7-m\libg_nano.a(lib_a-memchr-stub.o)
 .debug_frame   0x00000ee4       0x28 c:/users/sara/downloads/arm_stm32f401/tools/arm gcc/bin/../lib/gcc/arm-none-eabi/5.4.1/../../../../arm-none-eabi/lib/armv7-m\libg_nano.a(lib_a-memcpy-stub.o)
 .debug_frame   0x00000f0c       0x28 c:/users/sara/downloads/arm_stm32f401/tools/arm gcc/bin/../lib/gcc/arm-none-eabi/5.4.1/../../../../arm-none-eabi/lib/armv7-m\libg_nano.a(lib_a-memmove.o)
 .debug_frame   0x00000f34       0x38 c:/users/sara/downloads/arm_stm32f401/tools/arm gcc/bin/../lib/gcc/arm-none-eabi/5.4.1/../../../../arm-none-eabi/lib/armv7-m\libg_nano.a(lib_a-nano-freer.o)
 .debug_frame   0x00000f6c       0x2c c:/users/sara/downloads/arm_stm32f401/tools/arm gcc/bin/../lib/gcc/arm-none-eabi/5.4.1/../../../../arm-none-eabi/lib/armv7-m\libg_nano.a(lib_a-nano-mallocr.o)
 .debug_frame   0x00000f98       0x3c c:/users/sara/downloads/arm_stm32f401/tools/arm gcc/bin/../lib/gcc/arm-none-eabi/5.4.1/../../../../arm-none-eabi/lib/armv7-m\libg_nano.a(lib_a-nano-reallocr.o)
 .debug_frame   0x00000fd4       0x2c c:/users/sara/downloads/arm_stm32f401/tools/arm gcc/bin/../lib/gcc/arm-none-eabi/5.4.1/../../../../arm-none-eabi/lib/armv7-m\libg_nano.a(lib_a-sbrkr.o)
 .debug_frame   0x00001000       0x30 c:/users/sara/downloads/arm_stm32f401/tools/arm gcc/bin/../lib/gcc/arm-none-eabi/5.4.1/../../../../arm-none-eabi/lib/armv7-m\libg_nano.a(lib_a-mlock.o)
 .debug_frame   0x00001030       0x20 c:/users/sara/downloads/arm_stm32f401/tools/arm gcc/bin/../lib/gcc/arm-none-eabi/5.4.1/../../../../arm-none-eabi/lib/armv7-m\libg_nano.a(lib_a-nano-msizer.o)

.debug_str      0x00000000    0x56cce
 *(.debug_str)
 .debug_str     0x00000000    0x4e4fe ./system/src/stm32f1-stdperiph/stm32f10x_can.o
                              0x4e6d1 (size before relaxing)
 .debug_str     0x0004e4fe      0x5ca ./system/src/stm32f1-stdperiph/stm32f10x_gpio.o
                              0x4e511 (size before relaxing)
 .debug_str     0x0004eac8      0xb27 ./system/src/stm32f1-stdperiph/stm32f10x_rcc.o
                              0x4eae0 (size before relaxing)
 .debug_str     0x0004f5ef     0x482a ./system/src/newlib/_exit.o
                               0x6e8f (size before relaxing)
 .debug_str     0x00053e19      0x4de ./system/src/newlib/_sbrk.o
                               0x627a (size before relaxing)
 .debug_str     0x000542f7      0x266 ./system/src/newlib/_startup.o
                               0x5e2f (size before relaxing)
 .debug_str     0x0005455d      0xe18 ./system/src/newlib/_syscalls.o
                               0x70da (size before relaxing)
 .debug_str     0x00055375       0xd5 ./system/src/newlib/assert.o
                               0x7994 (size before relaxing)
 .debug_str     0x0005544a      0x883 ./system/src/diag/Trace.o
                               0x767f (size before relaxing)
 .debug_str     0x00055ccd      0x381 ./system/src/diag/trace_impl.o
                              0x51e41 (size before relaxing)
 .debug_str     0x0005604e       0xb2 ./system/src/cortexm/_initialize_hardware.o
                              0x4dffb (size before relaxing)
 .debug_str     0x00056100      0x19d ./system/src/cortexm/exception_handlers.o
                              0x52c03 (size before relaxing)
 .debug_str     0x0005629d       0xa6 ./system/src/cmsis/system_stm32f10x.o
                              0x4e0a5 (size before relaxing)
 .debug_str     0x00056343       0x57 ./system/src/cmsis/vectors_stm32f10x.o
                               0x304a (size before relaxing)
 .debug_str     0x0005639a      0x720 ./src/Sched.o
                               0x2c9d (size before relaxing)
 .debug_str     0x00056aba      0x14e ./src/Systick.o
                               0x2c82 (size before relaxing)
 .debug_str     0x00056c08       0xc6 ./src/main.o
                              0x533ab (size before relaxing)

.debug_loc      0x00000000     0x28e1
 *(.debug_loc)
 .debug_loc     0x00000000      0xbb4 ./system/src/stm32f1-stdperiph/stm32f10x_can.o
 .debug_loc     0x00000bb4      0x776 ./system/src/stm32f1-stdperiph/stm32f10x_gpio.o
 .debug_loc     0x0000132a      0x91f ./system/src/stm32f1-stdperiph/stm32f10x_rcc.o
 .debug_loc     0x00001c49       0x82 ./system/src/newlib/_sbrk.o
 .debug_loc     0x00001ccb      0x265 ./system/src/newlib/_startup.o
 .debug_loc     0x00001f30       0x63 ./system/src/newlib/_syscalls.o
 .debug_loc     0x00001f93      0x110 ./system/src/newlib/assert.o
 .debug_loc     0x000020a3      0x102 ./system/src/diag/Trace.o
 .debug_loc     0x000021a5      0x17c ./system/src/diag/trace_impl.o
 .debug_loc     0x00002321      0x2a8 ./system/src/cortexm/exception_handlers.o
 .debug_loc     0x000025c9       0xdf ./system/src/cmsis/system_stm32f10x.o
 .debug_loc     0x000026a8      0x125 ./src/Sched.o
 .debug_loc     0x000027cd       0x40 ./src/Systick.o
 .debug_loc     0x0000280d       0xd4 ./src/main.o

.debug_macinfo
 *(.debug_macinfo)

.debug_weaknames
 *(.debug_weaknames)

.debug_funcnames
 *(.debug_funcnames)

.debug_typenames
 *(.debug_typenames)

.debug_varnames
 *(.debug_varnames)
OUTPUT(CAN_Test.elf elf32-littlearm)

.debug_ranges   0x00000000      0x4d8
 .debug_ranges  0x00000000       0xd0 ./system/src/stm32f1-stdperiph/stm32f10x_can.o
 .debug_ranges  0x000000d0       0x98 ./system/src/stm32f1-stdperiph/stm32f10x_gpio.o
 .debug_ranges  0x00000168      0x108 ./system/src/stm32f1-stdperiph/stm32f10x_rcc.o
 .debug_ranges  0x00000270       0x18 ./system/src/newlib/_exit.o
 .debug_ranges  0x00000288       0x10 ./system/src/newlib/_sbrk.o
 .debug_ranges  0x00000298       0x48 ./system/src/newlib/_startup.o
 .debug_ranges  0x000002e0       0x20 ./system/src/newlib/_syscalls.o
 .debug_ranges  0x00000300       0x18 ./system/src/newlib/assert.o
 .debug_ranges  0x00000318       0x28 ./system/src/diag/Trace.o
 .debug_ranges  0x00000340       0x38 ./system/src/diag/trace_impl.o
 .debug_ranges  0x00000378       0x18 ./system/src/cortexm/_initialize_hardware.o
 .debug_ranges  0x00000390       0x98 ./system/src/cortexm/exception_handlers.o
 .debug_ranges  0x00000428       0x28 ./system/src/cmsis/system_stm32f10x.o
 .debug_ranges  0x00000450       0x10 ./system/src/cmsis/vectors_stm32f10x.o
 .debug_ranges  0x00000460       0x28 ./src/Sched.o
 .debug_ranges  0x00000488       0x30 ./src/Systick.o
 .debug_ranges  0x000004b8       0x20 ./src/main.o

.debug_macro    0x00000000     0x3c4e
 .debug_macro   0x00000000      0x1bf ./system/src/stm32f1-stdperiph/stm32f10x_can.o
 .debug_macro   0x000001bf      0x3c9 ./system/src/stm32f1-stdperiph/stm32f10x_can.o
 .debug_macro   0x00000588      0x1b9 ./system/src/stm32f1-stdperiph/stm32f10x_gpio.o
 .debug_macro   0x00000741      0x2a6 ./system/src/stm32f1-stdperiph/stm32f10x_gpio.o
 .debug_macro   0x000009e7      0x287 ./system/src/stm32f1-stdperiph/stm32f10x_rcc.o
 .debug_macro   0x00000c6e      0x3dc ./system/src/stm32f1-stdperiph/stm32f10x_rcc.o
 .debug_macro   0x0000104a      0x19c ./system/src/newlib/_exit.o
 .debug_macro   0x000011e6       0x9c ./system/src/newlib/_exit.o
 .debug_macro   0x00001282      0x10e ./system/src/newlib/_exit.o
 .debug_macro   0x00001390       0x8d ./system/src/newlib/_exit.o
 .debug_macro   0x0000141d       0x43 ./system/src/newlib/_exit.o
 .debug_macro   0x00001460      0x30d ./system/src/newlib/_exit.o
 .debug_macro   0x0000176d       0x35 ./system/src/newlib/_exit.o
 .debug_macro   0x000017a2      0x151 ./system/src/newlib/_sbrk.o
 .debug_macro   0x000018f3      0x174 ./system/src/newlib/_sbrk.o
 .debug_macro   0x00001a67       0x10 ./system/src/newlib/_sbrk.o
 .debug_macro   0x00001a77      0x23b ./system/src/newlib/_sbrk.o
 .debug_macro   0x00001cb2      0x15b ./system/src/newlib/_startup.o
 .debug_macro   0x00001e0d      0x1ff ./system/src/newlib/_syscalls.o
 .debug_macro   0x0000200c       0x1c ./system/src/newlib/_syscalls.o
 .debug_macro   0x00002028       0x10 ./system/src/newlib/_syscalls.o
 .debug_macro   0x00002038       0x10 ./system/src/newlib/_syscalls.o
 .debug_macro   0x00002048       0x10 ./system/src/newlib/_syscalls.o
 .debug_macro   0x00002058       0x35 ./system/src/newlib/_syscalls.o
 .debug_macro   0x0000208d      0x122 ./system/src/newlib/_syscalls.o
 .debug_macro   0x000021af       0x88 ./system/src/newlib/_syscalls.o
 .debug_macro   0x00002237       0x2b ./system/src/newlib/_syscalls.o
 .debug_macro   0x00002262      0x118 ./system/src/newlib/_syscalls.o
 .debug_macro   0x0000237a      0x159 ./system/src/newlib/_syscalls.o
 .debug_macro   0x000024d3       0x16 ./system/src/newlib/_syscalls.o
 .debug_macro   0x000024e9      0x1b8 ./system/src/newlib/assert.o
 .debug_macro   0x000026a1       0x1c ./system/src/newlib/assert.o
 .debug_macro   0x000026bd      0x1d9 ./system/src/diag/Trace.o
 .debug_macro   0x00002896       0x16 ./system/src/diag/Trace.o
 .debug_macro   0x000028ac       0x97 ./system/src/diag/Trace.o
 .debug_macro   0x00002943       0xfd ./system/src/diag/Trace.o
 .debug_macro   0x00002a40       0x10 ./system/src/diag/Trace.o
 .debug_macro   0x00002a50       0x16 ./system/src/diag/Trace.o
 .debug_macro   0x00002a66      0x18b ./system/src/diag/Trace.o
 .debug_macro   0x00002bf1       0x4c ./system/src/diag/Trace.o
 .debug_macro   0x00002c3d       0x16 ./system/src/diag/Trace.o
 .debug_macro   0x00002c53      0x2c2 ./system/src/diag/trace_impl.o
 .debug_macro   0x00002f15       0x10 ./system/src/diag/trace_impl.o
 .debug_macro   0x00002f25       0xcf ./system/src/diag/trace_impl.o
 .debug_macro   0x00002ff4       0xbe ./system/src/diag/trace_impl.o
 .debug_macro   0x000030b2       0x22 ./system/src/diag/trace_impl.o
 .debug_macro   0x000030d4      0x16b ./system/src/cortexm/_initialize_hardware.o
 .debug_macro   0x0000323f      0x302 ./system/src/cortexm/exception_handlers.o
 .debug_macro   0x00003541       0x3b ./system/src/cortexm/exception_handlers.o
 .debug_macro   0x0000357c       0x10 ./system/src/cortexm/exception_handlers.o
 .debug_macro   0x0000358c      0x16e ./system/src/cmsis/system_stm32f10x.o
 .debug_macro   0x000036fa       0x34 ./system/src/cmsis/vectors_stm32f10x.o
 .debug_macro   0x0000372e       0x3f ./src/Sched.o
 .debug_macro   0x0000376d       0x10 ./src/Sched.o
 .debug_macro   0x0000377d       0xe9 ./src/Sched.o
 .debug_macro   0x00003866       0x22 ./src/Sched.o
 .debug_macro   0x00003888       0x1c ./src/Sched.o
 .debug_macro   0x000038a4       0x4d ./src/Systick.o
 .debug_macro   0x000038f1       0x1c ./src/Systick.o
 .debug_macro   0x0000390d      0x341 ./src/main.o
